// Jest Snapshot v1, https://goo.gl/fbAQLP

exports[`renders properly 1`] = `
<View
  className="css-xh2dyr"
  onLayout={[Function]}
  style={
    Object {
      "flex": 1,
    }
  }
>
  <Image
    accessible={true}
    className="css-18ygu8q"
    onResponderGrant={[Function]}
    onResponderMove={[Function]}
    onResponderRelease={[Function]}
    onResponderTerminate={[Function]}
    onResponderTerminationRequest={[Function]}
    onStartShouldSetResponder={[Function]}
    source={
      Object {
        "testUri": "../../../images/angle-left.png",
      }
    }
    style={
      Array [
        Object {},
        Object {
          "zIndex": 10,
        },
      ]
    }
  />
  <RCTScrollView>
    <View>
      <View
        className="css-3qh1nr-Container"
        style={
          Array [
            Object {},
          ]
        }
      >
        <Text
          className="css-15qw3qz-Title sc-bwzfXH uTxCW"
          fontFamily="AGaramondPro-Semibold"
          fontSize="22px"
          lineHeight="28px"
          style={
            Array [
              Object {
                "fontFamily": "AGaramondPro-Semibold",
                "fontSize": 22,
                "lineHeight": 28,
              },
            ]
          }
        >
          Your billing address
        </Text>
        <View
          className="css-z2sxea-StyledInput"
          onLayout={[Function]}
          style={
            Array [
              Object {},
            ]
          }
        >
          <Text
            className="css-1k3s6nb-StyledInput sc-bwzfXH uTxCW"
            fontFamily="AGaramondPro-Regular"
            fontSize="16px"
            lineHeight="24px"
            style={
              Array [
                Object {
                  "fontFamily": "AGaramondPro-Regular",
                  "fontSize": 16,
                  "lineHeight": 24,
                },
              ]
            }
          >
            Full name
          </Text>
          <TextInput
            allowFontScaling={true}
            autoCapitalize="words"
            autoFocus={true}
            className="css-15j6ge4-StyledInput"
            error={false}
            inputRef={[Function]}
            onBlur={[Function]}
            onChangeText={[Function]}
            onFocus={[Function]}
            onSubmitEditing={[Function]}
            placeholder="Add your full name"
            rejectResponderTermination={true}
            returnKeyType="next"
            style={
              Array [
                Object {
                  "fontFamily": "AGaramondPro-Regular",
                  "height": 40,
                },
              ]
            }
            underlineColorAndroid="transparent"
          />
        </View>
        <View
          className="css-z2sxea-StyledInput"
          onLayout={[Function]}
          style={
            Array [
              Object {},
            ]
          }
        >
          <Text
            className="css-1k3s6nb-StyledInput sc-bwzfXH uTxCW"
            fontFamily="AGaramondPro-Regular"
            fontSize="16px"
            lineHeight="24px"
            style={
              Array [
                Object {
                  "fontFamily": "AGaramondPro-Regular",
                  "fontSize": 16,
                  "lineHeight": 24,
                },
              ]
            }
          >
            Address line 1
          </Text>
          <TextInput
            allowFontScaling={true}
            autoCapitalize="words"
            className="css-15j6ge4-StyledInput"
            error={false}
            inputRef={[Function]}
            onBlur={[Function]}
            onChangeText={[Function]}
            onFocus={[Function]}
            onSubmitEditing={[Function]}
            placeholder="Add your street address"
            rejectResponderTermination={true}
            returnKeyType="next"
            style={
              Array [
                Object {
                  "fontFamily": "AGaramondPro-Regular",
                  "height": 40,
                },
              ]
            }
            underlineColorAndroid="transparent"
          />
        </View>
        <View
          className="css-z2sxea-StyledInput"
          onLayout={[Function]}
          style={
            Array [
              Object {},
            ]
          }
        >
          <Text
            className="css-1k3s6nb-StyledInput sc-bwzfXH uTxCW"
            fontFamily="AGaramondPro-Regular"
            fontSize="16px"
            lineHeight="24px"
            style={
              Array [
                Object {
                  "fontFamily": "AGaramondPro-Regular",
                  "fontSize": 16,
                  "lineHeight": 24,
                },
              ]
            }
          >
            Address line 2 (optional)
          </Text>
          <TextInput
            allowFontScaling={true}
            autoCapitalize="words"
            className="css-15j6ge4-StyledInput"
            error={false}
            inputRef={[Function]}
            onBlur={[Function]}
            onChangeText={[Function]}
            onFocus={[Function]}
            onSubmitEditing={[Function]}
            placeholder="Add your apt, floor, suite, etc."
            rejectResponderTermination={true}
            returnKeyType="next"
            style={
              Array [
                Object {
                  "fontFamily": "AGaramondPro-Regular",
                  "height": 40,
                },
              ]
            }
            underlineColorAndroid="transparent"
          />
        </View>
        <View
          className="css-z2sxea-StyledInput"
          onLayout={[Function]}
          style={
            Array [
              Object {},
            ]
          }
        >
          <Text
            className="css-1k3s6nb-StyledInput sc-bwzfXH uTxCW"
            fontFamily="AGaramondPro-Regular"
            fontSize="16px"
            lineHeight="24px"
            style={
              Array [
                Object {
                  "fontFamily": "AGaramondPro-Regular",
                  "fontSize": 16,
                  "lineHeight": 24,
                },
              ]
            }
          >
            City
          </Text>
          <TextInput
            allowFontScaling={true}
            autoCapitalize="words"
            className="css-15j6ge4-StyledInput"
            error={false}
            inputRef={[Function]}
            onBlur={[Function]}
            onChangeText={[Function]}
            onFocus={[Function]}
            onSubmitEditing={[Function]}
            placeholder="Add your city"
            rejectResponderTermination={true}
            returnKeyType="next"
            style={
              Array [
                Object {
                  "fontFamily": "AGaramondPro-Regular",
                  "height": 40,
                },
              ]
            }
            underlineColorAndroid="transparent"
          />
        </View>
        <View
          className="css-z2sxea-StyledInput"
          onLayout={[Function]}
          style={
            Array [
              Object {},
            ]
          }
        >
          <Text
            className="css-1k3s6nb-StyledInput sc-bwzfXH uTxCW"
            fontFamily="AGaramondPro-Regular"
            fontSize="16px"
            lineHeight="24px"
            style={
              Array [
                Object {
                  "fontFamily": "AGaramondPro-Regular",
                  "fontSize": 16,
                  "lineHeight": 24,
                },
              ]
            }
          >
            State, Province, or Region
          </Text>
          <TextInput
            allowFontScaling={true}
            autoCapitalize="words"
            className="css-15j6ge4-StyledInput"
            error={false}
            inputRef={[Function]}
            onBlur={[Function]}
            onChangeText={[Function]}
            onFocus={[Function]}
            onSubmitEditing={[Function]}
            placeholder="Add state, province, or region"
            rejectResponderTermination={true}
            returnKeyType="next"
            style={
              Array [
                Object {
                  "fontFamily": "AGaramondPro-Regular",
                  "height": 40,
                },
              ]
            }
            underlineColorAndroid="transparent"
          />
        </View>
        <View
          className="css-z2sxea-StyledInput"
          onLayout={[Function]}
          style={
            Array [
              Object {},
            ]
          }
        >
          <Text
            className="css-1k3s6nb-StyledInput sc-bwzfXH uTxCW"
            fontFamily="AGaramondPro-Regular"
            fontSize="16px"
            lineHeight="24px"
            style={
              Array [
                Object {
                  "fontFamily": "AGaramondPro-Regular",
                  "fontSize": 16,
                  "lineHeight": 24,
                },
              ]
            }
          >
            Postal code
          </Text>
          <TextInput
            allowFontScaling={true}
            autoCapitalize="words"
            className="css-15j6ge4-StyledInput"
            error={false}
            inputRef={[Function]}
            onBlur={[Function]}
            onChangeText={[Function]}
            onFocus={[Function]}
            onSubmitEditing={[Function]}
            placeholder="Add your postal code"
            rejectResponderTermination={true}
            returnKeyType="next"
            style={
              Array [
                Object {
                  "fontFamily": "AGaramondPro-Regular",
                  "height": 40,
                },
              ]
            }
            underlineColorAndroid="transparent"
          />
        </View>
        <View
          className="css-z2sxea-StyledInput"
          onLayout={[Function]}
          style={
            Array [
              Object {},
            ]
          }
        >
          <Text
            className="css-1k3s6nb-StyledInput sc-bwzfXH uTxCW"
            fontFamily="AGaramondPro-Regular"
            fontSize="16px"
            lineHeight="24px"
            style={
              Array [
                Object {
                  "fontFamily": "AGaramondPro-Regular",
                  "fontSize": 16,
                  "lineHeight": 24,
                },
              ]
            }
          >
            Phone
          </Text>
          <TextInput
            allowFontScaling={true}
            autoCapitalize="words"
            className="css-15j6ge4-StyledInput"
            error={false}
            inputRef={[Function]}
            onBlur={[Function]}
            onChangeText={[Function]}
            onFocus={[Function]}
            onSubmitEditing={[Function]}
            placeholder="Add your phone number"
            rejectResponderTermination={true}
            returnKeyType="next"
            style={
              Array [
                Object {
                  "fontFamily": "AGaramondPro-Regular",
                  "height": 40,
                },
              ]
            }
            underlineColorAndroid="transparent"
          />
        </View>
        <View
          className="css-1itv5e3"
          style={
            Array [
              Object {},
            ]
          }
        >
          <Text
            className="css-wlea3r sc-bwzfXH uTxCW"
            fontFamily="AGaramondPro-Regular"
            fontSize="16px"
            lineHeight="24px"
            style={
              Array [
                Object {
                  "fontFamily": "AGaramondPro-Regular",
                  "fontSize": 16,
                  "lineHeight": 24,
                },
              ]
            }
          >
            Country
          </Text>
          <View
            accessible={true}
            className="css-xdnqeh"
            onResponderGrant={[Function]}
            onResponderMove={[Function]}
            onResponderRelease={[Function]}
            onResponderTerminate={[Function]}
            onResponderTerminationRequest={[Function]}
            onStartShouldSetResponder={[Function]}
            style={
              Array [
                Object {},
              ]
            }
          >
            <Text
              className="css-oi1b5w sc-bwzfXH uTxCW"
              fontFamily="AGaramondPro-Regular"
              fontSize="16px"
              lineHeight="24px"
              style={
                Array [
                  Object {
                    "fontFamily": "AGaramondPro-Regular",
                    "fontSize": 16,
                    "lineHeight": 24,
                  },
                ]
              }
            >
              Select your country
            </Text>
          </View>
        </View>
        <View
          height={50}
          style={
            Array [
              Object {
                "height": 50,
              },
            ]
          }
        >
          <View
            accessible={true}
            isTVSelectable={true}
            onResponderGrant={[Function]}
            onResponderMove={[Function]}
            onResponderRelease={[Function]}
            onResponderTerminate={[Function]}
            onResponderTerminationRequest={[Function]}
            onStartShouldSetResponder={[Function]}
            style={
              Object {
                "alignItems": "center",
                "backgroundColor": "rgba(0, 0, 0, 1)",
                "borderRadius": 2,
                "flex": 1,
                "justifyContent": "center",
              }
            }
          >
            <View
              style={null}
            >
              <Text
                style={
                  Array [
                    Object {
                      "fontSize": 14,
                    },
                    Object {
                      "color": "white",
                      "opacity": 1,
                    },
                    Object {
                      "fontFamily": "Unica77LL-Medium",
                    },
                  ]
                }
              >
                Add billing address
              </Text>
            </View>
          </View>
        </View>
      </View>
    </View>
  </RCTScrollView>
</View>
`;
