// Jest Snapshot v1, https://goo.gl/fbAQLP

exports[`renders properly 1`] = `
<View
  className="css-1z1xih-BottomAlignedButtonWrapper"
  onLayout={[Function]}
  style={
    Object {
      "flex": 1,
    }
  }
>
  <View
    style={
      Object {
        "flexGrow": 1,
      }
    }
  >
    <Image
      accessible={true}
      className="css-18ygu8q"
      onResponderGrant={[Function]}
      onResponderMove={[Function]}
      onResponderRelease={[Function]}
      onResponderTerminate={[Function]}
      onResponderTerminationRequest={[Function]}
      onStartShouldSetResponder={[Function]}
      source={
        Object {
          "testUri": "../../../images/angle-left.png",
        }
      }
      style={
        Array [
          Object {},
          Object {
            "zIndex": 10,
          },
        ]
      }
    />
    <RCTScrollView
      scrollEnabled={false}
    >
      <View>
        <View
          className="css-6fsl11-Container"
          style={
            Array [
              Object {},
            ]
          }
        >
          <View>
            <Text
              className="css-daktvc-Title sc-bwzfXH uTxCW"
              fontFamily="AGaramondPro-Semibold"
              fontSize="22px"
              lineHeight="28px"
              style={
                Array [
                  Object {
                    "fontFamily": "AGaramondPro-Semibold",
                    "fontSize": 22,
                    "lineHeight": 28,
                  },
                ]
              }
            >
              Your credit card
            </Text>
            <View
              className="css-1kxrbkv"
              style={
                Array [
                  Object {},
                ]
              }
            >
              PaymentCardTextField
            </View>
          </View>
        </View>
      </View>
    </RCTScrollView>
  </View>
  <View
    className="css-1kxrbkv"
    style={
      Array [
        Object {},
      ]
    }
  >
    <View
      height={50}
      style={
        Array [
          Object {
            "height": 50,
          },
        ]
      }
    >
      <View
        accessible={true}
        isTVSelectable={true}
        onResponderGrant={[Function]}
        onResponderMove={[Function]}
        onResponderRelease={[Function]}
        onResponderTerminate={[Function]}
        onResponderTerminationRequest={[Function]}
        onStartShouldSetResponder={[Function]}
        style={
          Object {
            "alignItems": "center",
            "backgroundColor": "rgba(229, 229, 229, 1)",
            "borderRadius": 2,
            "flex": 1,
            "justifyContent": "center",
          }
        }
      >
        <View
          style={null}
        >
          <Text
            style={
              Array [
                Object {
                  "fontSize": 14,
                },
                Object {
                  "color": "white",
                  "opacity": 1,
                },
                Object {
                  "fontFamily": "Unica77LL-Medium",
                },
              ]
            }
          >
            Add credit card
          </Text>
        </View>
      </View>
    </View>
  </View>
</View>
`;
