// Jest Snapshot v1, https://goo.gl/fbAQLP

exports[`renders properly 1`] = `
<View
  className="css-6fsl11-Container"
  style={
    Array [
      Object {},
    ]
  }
>
  <View>
    <Image
      accessible={true}
      className="css-18ygu8q"
      onResponderGrant={[Function]}
      onResponderMove={[Function]}
      onResponderRelease={[Function]}
      onResponderTerminate={[Function]}
      onResponderTerminationRequest={[Function]}
      onStartShouldSetResponder={[Function]}
      source={
        Object {
          "testUri": "../../../images/angle-left.png",
        }
      }
      style={
        Array [
          Object {},
          Object {
            "zIndex": 10,
          },
        ]
      }
    />
    <Text
      className="css-daktvc-Title sc-bwzfXH uTxCW"
      fontFamily="AGaramondPro-Semibold"
      fontSize="22px"
      lineHeight="28px"
      style={
        Array [
          Object {
            "fontFamily": "AGaramondPro-Semibold",
            "fontSize": 22,
            "lineHeight": 28,
          },
        ]
      }
    >
      Your max bid
    </Text>
  </View>
  <View
    style={
      Array [
        Object {
          "width": "100%",
        },
      ]
    }
  >
    <RCTPicker
      items={
        Array [
          Object {
            "label": "$35,000",
            "textColor": undefined,
            "value": 0,
          },
          Object {
            "label": "$40,000",
            "textColor": undefined,
            "value": 1,
          },
          Object {
            "label": "$45,000",
            "textColor": undefined,
            "value": 2,
          },
          Object {
            "label": "$50,000",
            "textColor": undefined,
            "value": 3,
          },
          Object {
            "label": "$55,000",
            "textColor": undefined,
            "value": 4,
          },
        ]
      }
      onChange={[Function]}
      onResponderTerminationRequest={[Function]}
      onStartShouldSetResponder={[Function]}
      selectedIndex={0}
      style={
        Array [
          Object {
            "height": 216,
          },
          undefined,
        ]
      }
    />
  </View>
  <View
    className="css-1kxrbkv"
    style={
      Array [
        Object {},
      ]
    }
  >
    <View
      height={50}
      style={
        Array [
          Object {
            "height": 50,
          },
        ]
      }
    >
      <View
        accessible={true}
        isTVSelectable={true}
        onResponderGrant={[Function]}
        onResponderMove={[Function]}
        onResponderRelease={[Function]}
        onResponderTerminate={[Function]}
        onResponderTerminationRequest={[Function]}
        onStartShouldSetResponder={[Function]}
        style={
          Object {
            "alignItems": "center",
            "backgroundColor": "rgba(0, 0, 0, 1)",
            "borderRadius": 2,
            "flex": 1,
            "justifyContent": "center",
          }
        }
      >
        <View
          style={null}
        >
          <Text
            style={
              Array [
                Object {
                  "fontSize": 14,
                },
                Object {
                  "color": "white",
                  "opacity": 1,
                },
                Object {
                  "fontFamily": "Unica77LL-Medium",
                },
              ]
            }
          >
            Next
          </Text>
        </View>
      </View>
    </View>
  </View>
</View>
`;
