// Jest Snapshot v1, https://goo.gl/fbAQLP

exports[`Sets up the right view hierarchy 1`] = `
<View
  className="css-1rr4qq7"
  style={
    Array [
      Object {},
    ]
  }
>
  <Image
    accessible={true}
    className="css-18ygu8q"
    onResponderGrant={[Function]}
    onResponderMove={[Function]}
    onResponderRelease={[Function]}
    onResponderTerminate={[Function]}
    onResponderTerminationRequest={[Function]}
    onStartShouldSetResponder={[Function]}
    source={
      Object {
        "testUri": "../../../images/angle-left.png",
      }
    }
    style={
      Array [
        Object {},
        Object {
          "zIndex": 10,
        },
      ]
    }
  />
  <View
    className="css-1wuf2rs-Container"
    style={
      Array [
        Object {},
      ]
    }
  >
    <Text
      className="css-1egdff6-Title sc-bwzfXH uTxCW"
      fontFamily="AGaramondPro-Semibold"
      fontSize="22px"
      lineHeight="28px"
      style={
        Array [
          Object {
            "fontFamily": "AGaramondPro-Semibold",
            "fontSize": 22,
            "lineHeight": 28,
          },
        ]
      }
    >
      Select country
    </Text>
    <TextInput
      allowFontScaling={true}
      autoCorrect={false}
      autoFocus={false}
      className="css-1m6acqp"
      clearButtonMode="while-editing"
      onBlur={[Function]}
      onChangeText={[Function]}
      onFocus={[Function]}
      placeholder="Country"
      rejectResponderTermination={true}
      returnKeyType="search"
      style={
        Array [
          Object {
            "fontFamily": "AGaramondPro-Regular",
            "height": 40,
          },
        ]
      }
      underlineColorAndroid="transparent"
    />
    <RCTScrollView
      keyboardShouldPersistTaps="always"
      scrollEnabled={false}
    >
      <View />
    </RCTScrollView>
  </View>
</View>
`;
