// Jest Snapshot v1, https://goo.gl/fbAQLP

exports[`looks correct when rendered 1`] = `
<View
  accessible={true}
  isTVSelectable={true}
  onResponderGrant={[Function]}
  onResponderMove={[Function]}
  onResponderRelease={[Function]}
  onResponderTerminate={[Function]}
  onResponderTerminationRequest={[Function]}
  onStartShouldSetResponder={[Function]}
  style={
    Object {
      "opacity": 1,
    }
  }
>
  <View
    className="css-1yp8kwr"
    height={200}
    style={
      Array [
        Object {
          "display": "flex",
          "height": 200,
        },
      ]
    }
  >
    <AROpaqueImageView
      imageURL="https://d32dm0rphc51dk.cloudfront.net/6HYZ-tKaXLrcqXCfYxNZQQ/large.jpg"
      style={
        Array [
          Object {
            "height": 120,
            "width": "100%",
          },
          Object {
            "alignItems": "center",
            "justifyContent": "center",
          },
        ]
      }
    />
    <View
      className="css-1j9oeic"
      style={
        Array [
          Object {
            "display": "flex",
          },
        ]
      }
    >
      <Text
        className="css-1tgix3g sc-bdVaJa bDWFJH"
        fontFamily="Unica77LL-Medium"
        fontSize="12px"
        lineHeight="16px"
        numberOfLines={1}
        style={
          Array [
            Object {
              "fontFamily": "Unica77LL-Medium",
              "fontSize": 12,
              "lineHeight": 16,
            },
          ]
        }
      >
        Delicate Power: The Delicacy and Complexity of Egg Tempera
      </Text>
      <Text
        className="css-2g31kl sc-bwzfXH uTxCW"
        fontFamily="AGaramondPro-Regular"
        fontSize="14px"
        lineHeight="18px"
        style={
          Array [
            Object {
              "fontFamily": "AGaramondPro-Regular",
              "fontSize": 14,
              "lineHeight": 18,
            },
          ]
        }
      >
        J. Cacciola Gallery
      </Text>
      <Text
        className="css-2g31kl sc-bwzfXH uTxCW"
        fontFamily="AGaramondPro-Regular"
        fontSize="14px"
        lineHeight="18px"
        style={
          Array [
            Object {
              "fontFamily": "AGaramondPro-Regular",
              "fontSize": 14,
              "lineHeight": 18,
            },
          ]
        }
      />
    </View>
  </View>
</View>
`;
