// Jest Snapshot v1, https://goo.gl/fbAQLP

exports[`renders properly 1`] = `
<TextInput
  allowFontScaling={true}
  border={1}
  borderColor="black10"
  fontSize={3}
  onBlur={[Function]}
  onFocus={[Function]}
  p={3}
  pb={2}
  placeholder="Placeholder"
  style={
    Array [
      Object {
        "borderColor": "#E5E5E5",
        "borderStyle": "solid",
        "borderWidth": 1,
        "fontFamily": "AGaramondPro-Regular",
        "fontSize": 16,
        "height": 40,
        "paddingBottom": 5,
        "paddingLeft": 10,
        "paddingRight": 10,
        "paddingTop": 10,
      },
      undefined,
    ]
  }
/>
`;
