// Jest Snapshot v1, https://goo.gl/fbAQLP

exports[`renders properly 1`] = `
<View>
  <View
    className="css-1fhh0y8-Divider"
    style={
      Array [
        Object {},
      ]
    }
  />
  <View
    accessible={true}
    className="css-865zlg-Row"
    onResponderGrant={[Function]}
    onResponderMove={[Function]}
    onResponderRelease={[Function]}
    onResponderTerminate={[Function]}
    onResponderTerminationRequest={[Function]}
    onStartShouldSetResponder={[Function]}
    style={
      Array [
        Object {},
      ]
    }
  >
    <View
      className="css-8utqyx-Col"
      style={
        Array [
          Object {},
        ]
      }
    >
      <Text
        className="sc-bwzfXH uTxCW"
        fontFamily="AGaramondPro-Semibold"
        fontSize="16px"
        lineHeight="24px"
        style={
          Array [
            Object {
              "fontFamily": "AGaramondPro-Semibold",
              "fontSize": 16,
              "lineHeight": 24,
            },
          ]
        }
      >
        Credit card
      </Text>
    </View>
    <View
      className="css-nzb7am-Col"
      style={
        Array [
          Object {},
        ]
      }
    >
      <Text
        className="sc-bwzfXH uTxCW"
        fontFamily="AGaramondPro-Regular"
        fontSize="16px"
        lineHeight="24px"
        numberOfLines={1}
        style={
          Array [
            Object {
              "fontFamily": "AGaramondPro-Regular",
              "fontSize": 16,
              "lineHeight": 24,
            },
          ]
        }
      >
        VISA •••• 4242
      </Text>
    </View>
    <View
      className="css-84s8hb-Col"
      style={
        Array [
          Object {},
        ]
      }
    >
      <Text
        className="css-8owuzh sc-bdVaJa bDWFJH"
        fontFamily="Unica77LL-Regular"
        fontSize="12px"
        lineHeight="16px"
        style={
          Array [
            Object {
              "fontFamily": "Unica77LL-Regular",
              "fontSize": 12,
              "lineHeight": 16,
            },
          ]
        }
      >
        Edit
      </Text>
    </View>
  </View>
  <View
    className="css-1fhh0y8-Divider"
    style={
      Array [
        Object {},
      ]
    }
  />
  <View
    accessible={true}
    className="css-865zlg-Row"
    onResponderGrant={[Function]}
    onResponderMove={[Function]}
    onResponderRelease={[Function]}
    onResponderTerminate={[Function]}
    onResponderTerminationRequest={[Function]}
    onStartShouldSetResponder={[Function]}
    style={
      Array [
        Object {},
      ]
    }
  >
    <View
      className="css-8utqyx-Col"
      style={
        Array [
          Object {},
        ]
      }
    >
      <Text
        className="sc-bwzfXH uTxCW"
        fontFamily="AGaramondPro-Semibold"
        fontSize="16px"
        lineHeight="24px"
        style={
          Array [
            Object {
              "fontFamily": "AGaramondPro-Semibold",
              "fontSize": 16,
              "lineHeight": 24,
            },
          ]
        }
      >
        Billing address
      </Text>
    </View>
    <View
      className="css-nzb7am-Col"
      style={
        Array [
          Object {},
        ]
      }
    >
      <Text
        className="sc-bwzfXH uTxCW"
        fontFamily="AGaramondPro-Regular"
        fontSize="16px"
        lineHeight="24px"
        numberOfLines={1}
        style={
          Array [
            Object {
              "fontFamily": "AGaramondPro-Regular",
              "fontSize": 16,
              "lineHeight": 24,
            },
          ]
        }
      >
        401 Broadway 25th floor New York NY
      </Text>
    </View>
    <View
      className="css-84s8hb-Col"
      style={
        Array [
          Object {},
        ]
      }
    >
      <Text
        className="css-8owuzh sc-bdVaJa bDWFJH"
        fontFamily="Unica77LL-Regular"
        fontSize="12px"
        lineHeight="16px"
        style={
          Array [
            Object {
              "fontFamily": "Unica77LL-Regular",
              "fontSize": 12,
              "lineHeight": 16,
            },
          ]
        }
      >
        Edit
      </Text>
    </View>
  </View>
  <View
    className="css-1fhh0y8-Divider"
    style={
      Array [
        Object {},
      ]
    }
  />
</View>
`;
