// Jest Snapshot v1, https://goo.gl/fbAQLP

exports[`renders properly 1`] = `
<Text
  className="css-daktvc-Title sc-bwzfXH uTxCW"
  fontFamily="AGaramondPro-Semibold"
  fontSize="22px"
  lineHeight="28px"
  style={
    Array [
      Object {
        "fontFamily": "AGaramondPro-Semibold",
        "fontSize": 22,
        "lineHeight": 28,
      },
    ]
  }
>
  Confirm your bid
</Text>
`;
