// Jest Snapshot v1, https://goo.gl/fbAQLP

exports[`Carousel renders properly 1`] = `
Array [
  <RCTScrollView
    horizontal={true}
    onLayout={[Function]}
    onScroll={[Function]}
    pagingEnabled={true}
    scrollEventThrottle={160}
    showsHorizontalScrollIndicator={false}
    style={
      Array [
        Object {
          "height": 250,
        },
      ]
    }
  >
    <View>
      <View
        height={250}
        style={
          Array [
            Object {
              "height": 250,
            },
          ]
        }
      />
    </View>
  </RCTScrollView>,
  <View
    className="css-76r5dt"
    style={
      Array [
        Object {
          "display": "flex",
        },
      ]
    }
  >
    <View
      accessible={true}
      isActive={true}
      isLast={true}
      onResponderGrant={[Function]}
      onResponderMove={[Function]}
      onResponderRelease={[Function]}
      onResponderTerminate={[Function]}
      onResponderTerminationRequest={[Function]}
      onStartShouldSetResponder={[Function]}
      style={
        Array [
          Object {
            "backgroundColor": "#000",
            "borderRadius": 3,
            "height": 6,
            "marginRight": 0,
            "width": 6,
          },
        ]
      }
    />
  </View>,
]
`;
