// Jest Snapshot v1, https://goo.gl/fbAQLP

exports[`looks correct when rendered 1`] = `
Array [
  <View
    className="css-r7aujx"
    style={
      Array [
        Object {},
      ]
    }
  >
    <View
      className="css-7gd3gi"
      style={
        Array [
          Object {},
        ]
      }
    />
    <Text
      accessible={true}
      className="css-1tgix3g sc-bdVaJa bDWFJH"
      fontFamily="Unica77LL-Medium"
      fontSize="14px"
      lineHeight="24px"
      onResponderGrant={[Function]}
      onResponderMove={[Function]}
      onResponderRelease={[Function]}
      onResponderTerminate={[Function]}
      onResponderTerminationRequest={[Function]}
      onStartShouldSetResponder={[Function]}
      style={
        Array [
          Object {
            "fontFamily": "Unica77LL-Medium",
            "fontSize": 14,
            "lineHeight": 24,
          },
        ]
      }
    >
      Two Palms
    </Text>
    <Text
      className="css-1xpg79g sc-bwzfXH uTxCW"
      fontFamily="AGaramondPro-Regular"
      fontSize="32px"
      lineHeight="38px"
      style={
        Array [
          Object {
            "fontFamily": "AGaramondPro-Regular",
            "fontSize": 32,
            "lineHeight": 38,
          },
        ]
      }
    >
      Flickinger Collection
    </Text>
    <Text
      className="sc-bdVaJa bDWFJH"
      fontFamily="Unica77LL-Regular"
      fontSize="14px"
      lineHeight="24px"
      style={
        Array [
          Object {
            "fontFamily": "Unica77LL-Regular",
            "fontSize": 14,
            "lineHeight": 24,
          },
        ]
      }
    >
      Jul 1 – Oct 30
    </Text>
  </View>,
  <View
    className="css-7gkr2z"
    style={
      Array [
        Object {},
      ]
    }
  >
    <AROpaqueImageView
      aspectRatio={0.87}
      imageURL="https://d32dm0rphc51dk.cloudfront.net/Bu7ONuoTlR-PLZDUjs6ZTA/medium.jpg"
    />
  </View>,
  <View
    className="css-1p3cu5t"
    style={
      Array [
        Object {},
      ]
    }
  >
    <View
      className="css-lpkryx-EntityList"
      style={
        Array [
          Object {
            "display": "flex",
          },
        ]
      }
    >
      <Text
        className="css-15l1l8j-EntityList sc-bdVaJa bDWFJH"
        fontFamily="Unica77LL-Regular"
        fontSize="14px"
        lineHeight="24px"
        style={
          Array [
            Object {
              "fontFamily": "Unica77LL-Regular",
              "fontSize": 14,
              "lineHeight": 24,
            },
          ]
        }
      >
        Works by 
      </Text>
      <View
        accessible={true}
        isTVSelectable={true}
        onResponderGrant={[Function]}
        onResponderMove={[Function]}
        onResponderRelease={[Function]}
        onResponderTerminate={[Function]}
        onResponderTerminationRequest={[Function]}
        onStartShouldSetResponder={[Function]}
        style={
          Object {
            "opacity": 1,
          }
        }
      >
        <Text
          className="css-3dlgeq-EntityItem sc-bdVaJa bDWFJH"
          fontFamily="Unica77LL-Medium"
          fontSize="14px"
          lineHeight="24px"
          style={
            Array [
              Object {
                "fontFamily": "Unica77LL-Medium",
                "fontSize": 14,
                "lineHeight": 24,
              },
            ]
          }
        >
          Hans Hofmann, 
        </Text>
      </View>
      <View
        accessible={true}
        isTVSelectable={true}
        onResponderGrant={[Function]}
        onResponderMove={[Function]}
        onResponderRelease={[Function]}
        onResponderTerminate={[Function]}
        onResponderTerminationRequest={[Function]}
        onStartShouldSetResponder={[Function]}
        style={
          Object {
            "opacity": 1,
          }
        }
      >
        <Text
          className="css-3dlgeq-EntityItem sc-bdVaJa bDWFJH"
          fontFamily="Unica77LL-Medium"
          fontSize="14px"
          lineHeight="24px"
          style={
            Array [
              Object {
                "fontFamily": "Unica77LL-Medium",
                "fontSize": 14,
                "lineHeight": 24,
              },
            ]
          }
        >
          Sam Francis, 
        </Text>
      </View>
      <View
        accessible={true}
        isTVSelectable={true}
        onResponderGrant={[Function]}
        onResponderMove={[Function]}
        onResponderRelease={[Function]}
        onResponderTerminate={[Function]}
        onResponderTerminationRequest={[Function]}
        onStartShouldSetResponder={[Function]}
        style={
          Object {
            "opacity": 1,
          }
        }
      >
        <Text
          className="css-3dlgeq-EntityItem sc-bdVaJa bDWFJH"
          fontFamily="Unica77LL-Medium"
          fontSize="14px"
          lineHeight="24px"
          style={
            Array [
              Object {
                "fontFamily": "Unica77LL-Medium",
                "fontSize": 14,
                "lineHeight": 24,
              },
            ]
          }
        >
          Pablo Picasso
        </Text>
      </View>
      <Text
        className="css-15l1l8j-EntityList sc-bdVaJa bDWFJH"
        fontFamily="Unica77LL-Regular"
        fontSize="14px"
        lineHeight="24px"
        style={
          Array [
            Object {
              "fontFamily": "Unica77LL-Regular",
              "fontSize": 14,
              "lineHeight": 24,
            },
          ]
        }
      >
         and 
      </Text>
      <View
        accessible={true}
        isTVSelectable={true}
        onResponderGrant={[Function]}
        onResponderMove={[Function]}
        onResponderRelease={[Function]}
        onResponderTerminate={[Function]}
        onResponderTerminationRequest={[Function]}
        onStartShouldSetResponder={[Function]}
        style={
          Object {
            "opacity": 1,
          }
        }
      >
        <Text
          className="css-15l1l8j-EntityList sc-bdVaJa bDWFJH"
          fontFamily="Unica77LL-Medium"
          fontSize="14px"
          lineHeight="24px"
          style={
            Array [
              Object {
                "fontFamily": "Unica77LL-Medium",
                "fontSize": 14,
                "lineHeight": 24,
              },
            ]
          }
        >
          14 others
        </Text>
      </View>
    </View>
    <View
      style={
        Array [
          Object {
            "height": 85,
            "width": "100%",
          },
        ]
      }
    >
      <View
        className="css-rb3jgj"
        style={
          Array [
            Object {},
          ]
        }
      />
      <View
        accessible={true}
        isTVSelectable={true}
        onResponderGrant={[Function]}
        onResponderMove={[Function]}
        onResponderRelease={[Function]}
        onResponderTerminate={[Function]}
        onResponderTerminationRequest={[Function]}
        onStartShouldSetResponder={[Function]}
        style={
          Object {
            "alignItems": "center",
            "backgroundColor": "rgba(0, 0, 0, 1)",
            "borderColor": "rgba(0, 0, 0, 1)",
            "borderRadius": 2,
            "borderWidth": 1,
            "flex": 1,
            "justifyContent": "center",
          }
        }
      >
        <View
          style={null}
        >
          <Text
            style={
              Array [
                Object {
                  "fontSize": 14,
                },
                Object {
                  "color": "white",
                  "opacity": 1,
                },
                Object {
                  "fontFamily": "Unica77LL-Medium",
                },
              ]
            }
          >
            Save show
          </Text>
        </View>
      </View>
      <View
        className="css-13d3w74"
        style={
          Array [
            Object {},
          ]
        }
      />
    </View>
  </View>,
]
`;
